# Syslog / Key-Value Pair Format — CMP (Chemical Mechanical Planarization) Tool
# Format: <timestamp> <hostname> <process>[<pid>]: KEY=VALUE KEY=VALUE ...
# Equipment: CMP_TOOL_002 | Facility: FAB_SG_01 | Shift: DAY

2026-01-13T06:00:01.001Z cmp-tool-002 cmp_controller[1042]: EVENT=SYSTEM_START STATUS=OK VERSION=4.2.1 OPERATOR=OPR_007
2026-01-13T06:00:05.312Z cmp-tool-002 cmp_controller[1042]: EVENT=RECIPE_LOAD RECIPE_ID=CMP_RCP_0042 LOT_ID=LOT_2001 WAFER_COUNT=25 STATUS=OK
2026-01-13T06:00:10.881Z cmp-tool-002 cmp_slurry[1043]: EVENT=SLURRY_FLOW SLURRY_TYPE=SiO2_STD FLOW_RATE_mL_min=250 TEMPERATURE_C=22.3 STATUS=NOMINAL
2026-01-13T06:00:11.000Z cmp-tool-002 cmp_head[1044]: EVENT=HEAD_DOWN WAFER_ID=WFR_2001 CARRIER_PRESSURE_psi=6.2 RETAINER_PRESSURE_psi=8.1 STATUS=OK
2026-01-13T06:00:11.500Z cmp-tool-002 cmp_platen[1045]: EVENT=PLATEN_START PLATEN_SPEED_rpm=93 HEAD_SPEED_rpm=87 STATUS=OK
2026-01-13T06:00:12.000Z cmp-tool-002 cmp_sensor[1046]: EVENT=SENSOR_READ WAFER_ID=WFR_2001 TORQUE_Nm=1.23 DOWN_FORCE_N=312.5 FRICTION_COEFF=0.41 REMOVAL_RATE_nm_min=180.2
2026-01-13T06:00:13.000Z cmp-tool-002 cmp_sensor[1046]: EVENT=SENSOR_READ WAFER_ID=WFR_2001 TORQUE_Nm=1.25 DOWN_FORCE_N=312.5 FRICTION_COEFF=0.42 REMOVAL_RATE_nm_min=181.0
2026-01-13T06:00:14.000Z cmp-tool-002 cmp_sensor[1046]: EVENT=SENSOR_READ WAFER_ID=WFR_2001 TORQUE_Nm=1.24 DOWN_FORCE_N=312.6 FRICTION_COEFF=0.41 REMOVAL_RATE_nm_min=180.8
2026-01-13T06:00:15.000Z cmp-tool-002 cmp_sensor[1046]: EVENT=SENSOR_READ WAFER_ID=WFR_2001 TORQUE_Nm=1.30 DOWN_FORCE_N=313.0 FRICTION_COEFF=0.44 REMOVAL_RATE_nm_min=183.5
2026-01-13T06:00:16.000Z cmp-tool-002 cmp_sensor[1046]: EVENT=SENSOR_READ WAFER_ID=WFR_2001 TORQUE_Nm=1.52 DOWN_FORCE_N=315.2 FRICTION_COEFF=0.51 REMOVAL_RATE_nm_min=190.1
2026-01-13T06:00:16.100Z cmp-tool-002 cmp_alarm[1047]: EVENT=ALARM SEVERITY=WARNING ALARM_CODE=CMP_W_FRIC_HIGH WAFER_ID=WFR_2001 PARAM=FRICTION_COEFF VALUE=0.51 THRESHOLD=0.50 MSG="Friction coefficient exceeded warning threshold"
2026-01-13T06:00:16.200Z cmp-tool-002 cmp_controller[1042]: EVENT=AUTO_ADJUST ACTION=REDUCE_DOWN_FORCE OLD_FORCE_N=315.2 NEW_FORCE_N=305.0 REASON=FRICTION_HIGH
2026-01-13T06:00:17.000Z cmp-tool-002 cmp_sensor[1046]: EVENT=SENSOR_READ WAFER_ID=WFR_2001 TORQUE_Nm=1.26 DOWN_FORCE_N=305.0 FRICTION_COEFF=0.42 REMOVAL_RATE_nm_min=182.0
2026-01-13T06:00:30.000Z cmp-tool-002 cmp_endpoint[1048]: EVENT=ENDPOINT_DETECT METHOD=OPTICAL WAFER_ID=WFR_2001 DETECTED=TRUE TARGET_THICKNESS_nm=300 CURRENT_THICKNESS_nm=298.5 STATUS=WITHIN_SPEC
2026-01-13T06:00:30.100Z cmp-tool-002 cmp_platen[1045]: EVENT=PLATEN_STOP WAFER_ID=WFR_2001 REASON=ENDPOINT_REACHED STATUS=OK
2026-01-13T06:00:30.500Z cmp-tool-002 cmp_head[1044]: EVENT=HEAD_UP WAFER_ID=WFR_2001 STATUS=OK
2026-01-13T06:00:31.000Z cmp-tool-002 cmp_controller[1042]: EVENT=WAFER_COMPLETE WAFER_ID=WFR_2001 PROCESS_TIME_s=19.5 REMOVAL_nm=51.5 FINAL_THICKNESS_nm=298.5 STATUS=PASS
2026-01-13T06:00:35.000Z cmp-tool-002 cmp_controller[1042]: EVENT=RECIPE_LOAD RECIPE_ID=CMP_RCP_0042 LOT_ID=LOT_2001 WAFER_ID=WFR_2002 STATUS=OK
